// Vitest Snapshot v1, https://vitest.dev/guide/snapshot.html

exports[`badge > should match snapshot 1`] = `
<span
  class="inf-badge"
>
  <sup
    class="inf-text inf-badge-sup inf-badge-sup--tone-primary inf-badge-sup--color-brand inf-badge-sup--standalone inf-text--variant-subtitle-3"
    style="right: 0px; top: 0px;"
    title="5"
  >
    5
  </sup>
</span>
`;
