// Vitest Snapshot v1

exports[`input > matches snapshop 1`] = `
<input
  class="inf-input inf-input--size-medium inf-input--br-regular"
  placeholder="Введите значение"
  value=""
/>
`;

exports[`input > matches snapshot 1`] = `
<input
  class="inf-input inf-input--size-medium inf-input--br-regular"
  placeholder="Введите значение"
  value=""
/>
`;
