// Vitest Snapshot v1, https://vitest.dev/guide/snapshot.html

exports[`Table selected row > should match snapshot 1`] = `
<table
  class="inf-table"
>
  <thead
    class="inf-table-header"
  >
    <tr
      class="inf-table-header-row"
    >
      <th
        class="inf-table-header-cell"
        colspan="1"
        style="width: 150px;"
      >
        <div
          class="inf-table-header-cell__content"
        >
          <div
            class="inf-table-header-cell__heading"
            data-selector="heading"
            data-tooltip-state="closed"
          >
            Портфель
          </div>
          <div
            class="inf-table-header-cell__buttons"
          />
        </div>
      </th>
      <th
        class="inf-table-header-cell"
        colspan="1"
        style="width: 150px;"
      >
        <div
          class="inf-table-header-cell__content"
        >
          <div
            class="inf-table-header-cell__heading"
            data-selector="heading"
            data-tooltip-state="closed"
          >
            Показатель
          </div>
          <div
            class="inf-table-header-cell__buttons"
          />
        </div>
      </th>
      <th
        class="inf-table-header-cell"
        colspan="1"
        style="width: 150px;"
      >
        <div
          class="inf-table-header-cell__content"
        >
          <div
            class="inf-table-header-cell__heading"
            data-selector="heading"
            data-tooltip-state="closed"
          >
            Тип
          </div>
          <div
            class="inf-table-header-cell__buttons"
          />
        </div>
      </th>
      <th
        class="inf-table-header-cell"
        colspan="1"
        style="width: 150px;"
      >
        <div
          class="inf-table-header-cell__content"
        >
          <div
            class="inf-table-header-cell__heading"
            data-selector="heading"
            data-tooltip-state="closed"
          >
            Статус
          </div>
          <div
            class="inf-table-header-cell__buttons"
          />
        </div>
      </th>
      <th
        class="inf-table-header-cell"
        colspan="1"
        style="width: 150px;"
      >
        <div
          class="inf-table-header-cell__content"
        >
          <div
            class="inf-table-header-cell__heading"
            data-selector="heading"
            data-tooltip-state="closed"
          >
            Дата
          </div>
          <div
            class="inf-table-header-cell__buttons"
          />
        </div>
      </th>
    </tr>
  </thead>
  <tbody
    class="inf-table-body"
  >
    <tr
      class="inf-table-row inf-table-row--selected inf-table-row--interactive inf-table-row--hoverable"
    >
      <td
        class="inf-table-cell"
      >
        ОПИФ Открытие
      </td>
      <td
        class="inf-table-cell"
      >
        2335
      </td>
      <td
        class="inf-table-cell"
      >
        УВНР
      </td>
      <td
        class="inf-table-cell"
      >
        Сформировано
      </td>
      <td
        class="inf-table-cell"
      >
        2024-10-31
      </td>
    </tr>
    <tr
      class="inf-table-row inf-table-row--interactive inf-table-row--hoverable"
    >
      <td
        class="inf-table-cell"
      >
        ЗПИФ И Открытие — ИММВБ — высокая капитализация ОПИФ И Открытие — ИММВБ — высокая капитализация ОПИФ И Открытие — ИММВБ — высокая капитализация ОПИФ И Открытие — ИММВБ — высокая капитализация
      </td>
      <td
        class="inf-table-cell"
      >
        2206
      </td>
      <td
        class="inf-table-cell"
      >
        УВУН
      </td>
      <td
        class="inf-table-cell"
      >
        Сформировано
      </td>
      <td
        class="inf-table-cell"
      />
    </tr>
    <tr
      class="inf-table-row inf-table-row--interactive inf-table-row--hoverable"
    >
      <td
        class="inf-table-cell"
      >
        Закрытие — Telecommunicaton Index
      </td>
      <td
        class="inf-table-cell"
      >
        2206
      </td>
      <td
        class="inf-table-cell"
      >
        УВУН
      </td>
      <td
        class="inf-table-cell"
      >
        Сформировано
      </td>
      <td
        class="inf-table-cell"
      >
        2020-01-01
      </td>
    </tr>
    <tr
      class="inf-table-row inf-table-row--interactive inf-table-row--hoverable"
    >
      <td
        class="inf-table-cell"
      >
        ЯРА И Открытие — ИММВБ — машиностроение
      </td>
      <td
        class="inf-table-cell"
      >
        2206
      </td>
      <td
        class="inf-table-cell"
      >
        УВНУ
      </td>
      <td
        class="inf-table-cell"
      >
        На согласовании
      </td>
      <td
        class="inf-table-cell"
      />
    </tr>
  </tbody>
</table>
`;
