// Vitest Snapshot v1, https://vitest.dev/guide/snapshot.html

exports[`Table Row Selection > should match snapshot 1`] = `
<table
  class="inf-table"
>
  <thead
    class="inf-table-header"
  >
    <tr
      class="inf-table-header-row"
    >
      <th
        class="inf-table-header-cell"
        colspan="1"
        style="width: 20px;"
      >
        <div
          class="inf-table-header-cell__content"
        >
          <div
            class="inf-table-header-cell__heading"
            data-selector="heading"
            data-tooltip-state="closed"
          >
            <label
              class="inf-checkbox"
            >
              <input
                aria-checked="false"
                aria-required="false"
                type="checkbox"
                value=""
              />
              <span
                class="inf-checkbox__box"
              >
                <svg
                  class="inf-checkbox__check-icon"
                  fill="none"
                  height="16px"
                  viewBox="0 0 20 20"
                  width="16px"
                  xmlns="http://www.w3.org/2000/svg"
                >
                  <path
                    d="M6 9.70588L9.11111 13L13.5 6"
                    stroke="currentColor"
                    stroke-linejoin="round"
                    stroke-width="1.5"
                  />
                </svg>
              </span>
            </label>
          </div>
          <div
            class="inf-table-header-cell__buttons"
          />
        </div>
      </th>
      <th
        class="inf-table-header-cell"
        colspan="1"
        style="width: 150px;"
      >
        <div
          class="inf-table-header-cell__content"
        >
          <div
            class="inf-table-header-cell__heading"
            data-selector="heading"
            data-tooltip-state="closed"
          >
            Портфель
          </div>
          <div
            class="inf-table-header-cell__buttons"
          />
        </div>
      </th>
      <th
        class="inf-table-header-cell"
        colspan="1"
        style="width: 150px;"
      >
        <div
          class="inf-table-header-cell__content"
        >
          <div
            class="inf-table-header-cell__heading"
            data-selector="heading"
            data-tooltip-state="closed"
          >
            Показатель
          </div>
          <div
            class="inf-table-header-cell__buttons"
          />
        </div>
      </th>
      <th
        class="inf-table-header-cell"
        colspan="1"
        style="width: 150px;"
      >
        <div
          class="inf-table-header-cell__content"
        >
          <div
            class="inf-table-header-cell__heading"
            data-selector="heading"
            data-tooltip-state="closed"
          >
            Тип
          </div>
          <div
            class="inf-table-header-cell__buttons"
          />
        </div>
      </th>
      <th
        class="inf-table-header-cell"
        colspan="1"
        style="width: 150px;"
      >
        <div
          class="inf-table-header-cell__content"
        >
          <div
            class="inf-table-header-cell__heading"
            data-selector="heading"
            data-tooltip-state="closed"
          >
            Статус
          </div>
          <div
            class="inf-table-header-cell__buttons"
          />
        </div>
      </th>
      <th
        class="inf-table-header-cell"
        colspan="1"
        style="width: 150px;"
      >
        <div
          class="inf-table-header-cell__content"
        >
          <div
            class="inf-table-header-cell__heading"
            data-selector="heading"
            data-tooltip-state="closed"
          >
            Дата
          </div>
          <div
            class="inf-table-header-cell__buttons"
          />
        </div>
      </th>
    </tr>
  </thead>
  <tbody
    class="inf-table-body"
  >
    <tr
      class="inf-table-row inf-table-row--hoverable"
    >
      <td
        class="inf-table-cell"
      >
        <div>
          <label
            class="inf-checkbox"
          >
            <input
              aria-checked="false"
              aria-required="false"
              type="checkbox"
              value=""
            />
            <span
              class="inf-checkbox__box"
            >
              <svg
                class="inf-checkbox__check-icon"
                fill="none"
                height="16px"
                viewBox="0 0 20 20"
                width="16px"
                xmlns="http://www.w3.org/2000/svg"
              >
                <path
                  d="M6 9.70588L9.11111 13L13.5 6"
                  stroke="currentColor"
                  stroke-linejoin="round"
                  stroke-width="1.5"
                />
              </svg>
            </span>
          </label>
        </div>
      </td>
      <td
        class="inf-table-cell"
      >
        ОПИФ Открытие
      </td>
      <td
        class="inf-table-cell"
      >
        2335
      </td>
      <td
        class="inf-table-cell"
      >
        УВНР
      </td>
      <td
        class="inf-table-cell"
      >
        Сформировано
      </td>
      <td
        class="inf-table-cell"
      >
        2024-10-31
      </td>
    </tr>
    <tr
      class="inf-table-row inf-table-row--hoverable"
    >
      <td
        class="inf-table-cell"
      >
        <div>
          <label
            class="inf-checkbox"
          >
            <input
              aria-checked="false"
              aria-required="false"
              type="checkbox"
              value=""
            />
            <span
              class="inf-checkbox__box"
            >
              <svg
                class="inf-checkbox__check-icon"
                fill="none"
                height="16px"
                viewBox="0 0 20 20"
                width="16px"
                xmlns="http://www.w3.org/2000/svg"
              >
                <path
                  d="M6 9.70588L9.11111 13L13.5 6"
                  stroke="currentColor"
                  stroke-linejoin="round"
                  stroke-width="1.5"
                />
              </svg>
            </span>
          </label>
        </div>
      </td>
      <td
        class="inf-table-cell"
      >
        ЗПИФ И Открытие — ИММВБ — высокая капитализация ОПИФ И Открытие — ИММВБ — высокая капитализация ОПИФ И Открытие — ИММВБ — высокая капитализация ОПИФ И Открытие — ИММВБ — высокая капитализация
      </td>
      <td
        class="inf-table-cell"
      >
        2206
      </td>
      <td
        class="inf-table-cell"
      >
        УВУН
      </td>
      <td
        class="inf-table-cell"
      >
        Сформировано
      </td>
      <td
        class="inf-table-cell"
      />
    </tr>
    <tr
      class="inf-table-row inf-table-row--hoverable"
    >
      <td
        class="inf-table-cell"
      >
        <div>
          <label
            class="inf-checkbox"
          >
            <input
              aria-checked="false"
              aria-required="false"
              type="checkbox"
              value=""
            />
            <span
              class="inf-checkbox__box"
            >
              <svg
                class="inf-checkbox__check-icon"
                fill="none"
                height="16px"
                viewBox="0 0 20 20"
                width="16px"
                xmlns="http://www.w3.org/2000/svg"
              >
                <path
                  d="M6 9.70588L9.11111 13L13.5 6"
                  stroke="currentColor"
                  stroke-linejoin="round"
                  stroke-width="1.5"
                />
              </svg>
            </span>
          </label>
        </div>
      </td>
      <td
        class="inf-table-cell"
      >
        Закрытие — Telecommunicaton Index
      </td>
      <td
        class="inf-table-cell"
      >
        2206
      </td>
      <td
        class="inf-table-cell"
      >
        УВУН
      </td>
      <td
        class="inf-table-cell"
      >
        Сформировано
      </td>
      <td
        class="inf-table-cell"
      >
        2020-01-01
      </td>
    </tr>
    <tr
      class="inf-table-row inf-table-row--hoverable"
    >
      <td
        class="inf-table-cell"
      >
        <div>
          <label
            class="inf-checkbox"
          >
            <input
              aria-checked="false"
              aria-required="false"
              type="checkbox"
              value=""
            />
            <span
              class="inf-checkbox__box"
            >
              <svg
                class="inf-checkbox__check-icon"
                fill="none"
                height="16px"
                viewBox="0 0 20 20"
                width="16px"
                xmlns="http://www.w3.org/2000/svg"
              >
                <path
                  d="M6 9.70588L9.11111 13L13.5 6"
                  stroke="currentColor"
                  stroke-linejoin="round"
                  stroke-width="1.5"
                />
              </svg>
            </span>
          </label>
        </div>
      </td>
      <td
        class="inf-table-cell"
      >
        ЯРА И Открытие — ИММВБ — машиностроение
      </td>
      <td
        class="inf-table-cell"
      >
        2206
      </td>
      <td
        class="inf-table-cell"
      >
        УВНУ
      </td>
      <td
        class="inf-table-cell"
      >
        На согласовании
      </td>
      <td
        class="inf-table-cell"
      />
    </tr>
  </tbody>
</table>
`;
