// Vitest Snapshot v1

exports[`select > should match snapshop 1`] = `
<div
  class="inf-select"
  data-testid="selectWrapper"
>
  <span
    class="inf-input inf-input--size-medium inf-select__input inf-input--br-regular"
    data-testid="inputWrapper"
  >
    <input
      class="inf-input__input"
      data-testid="input"
      placeholder=""
      readonly=""
      value="Первый элемент"
    />
    <span
      class="inf-input__postfix"
      data-testid="inputPostfix"
    >
      <span>
        ▼
      </span>
    </span>
  </span>
</div>
`;
