// Vitest Snapshot v1

exports[`Checkbox > should match snapshop 1`] = `
<label
  class="inf-checkbox"
>
  <input
    aria-checked="false"
    type="checkbox"
    value=""
  />
  <span
    class="inf-checkbox__box"
  >
    <svg
      fill="none"
      height="16px"
      viewBox="0 0 16 16"
      width="16px"
      xmlns="http://www.w3.org/2000/svg"
    >
      <path
        d="M4 7.70588L7.11111 11L11.5 4"
        stroke="currentColor"
        stroke-linejoin="round"
        stroke-width="1.5"
      />
    </svg>
  </span>
</label>
`;
